D:\project Skripsi\Tugas\Maven\SistemPresensi\src\main\java\com\ivana\presensi\FormUserController.java
D:\project Skripsi\Tugas\Maven\SistemPresensi\src\main\java\com\ivana\presensi\LoginController.java
D:\project Skripsi\Tugas\Maven\SistemPresensi\src\main\java\com\ivana\presensi\FormInputPresensiController.java
D:\project Skripsi\Tugas\Maven\SistemPresensi\src\main\java\com\ivana\presensi\FormLaporanDetailController.java
D:\project Skripsi\Tugas\Maven\SistemPresensi\src\main\java\com\ivana\presensi\FormPresensiController.java
D:\project Skripsi\Tugas\Maven\SistemPresensi\src\main\java\com\ivana\presensi\MD5Hash.java
D:\project Skripsi\Tugas\Maven\SistemPresensi\src\main\java\com\ivana\presensi\model\Mahasiswa.java
D:\project Skripsi\Tugas\Maven\SistemPresensi\src\main\java\com\ivana\presensi\FormJadwalController.java
D:\project Skripsi\Tugas\Maven\SistemPresensi\src\main\java\com\ivana\presensi\JadwalSession.java
D:\project Skripsi\Tugas\Maven\SistemPresensi\src\main\java\com\ivana\presensi\TatapMukaSession.java
D:\project Skripsi\Tugas\Maven\SistemPresensi\src\main\java\com\ivana\presensi\FormTatapMukaController.java
D:\project Skripsi\Tugas\Maven\SistemPresensi\src\main\java\com\ivana\presensi\FormDaftarKuotaMahasiswaController.java
D:\project Skripsi\Tugas\Maven\SistemPresensi\src\main\java\com\ivana\presensi\UserSession.java
D:\project Skripsi\Tugas\Maven\SistemPresensi\src\main\java\com\ivana\presensi\model\Kelas.java
D:\project Skripsi\Tugas\Maven\SistemPresensi\src\main\java\com\ivana\presensi\model\Laporan.java
D:\project Skripsi\Tugas\Maven\SistemPresensi\src\main\java\com\ivana\presensi\model\Matakuliah.java
D:\project Skripsi\Tugas\Maven\SistemPresensi\src\main\java\com\ivana\presensi\dao\JadwalDAO.java
D:\project Skripsi\Tugas\Maven\SistemPresensi\src\main\java\com\ivana\presensi\model\Jadwal.java
D:\project Skripsi\Tugas\Maven\SistemPresensi\src\main\java\com\ivana\presensi\fxrouter\FxRouter.java
D:\project Skripsi\Tugas\Maven\SistemPresensi\src\main\java\com\ivana\presensi\dao\MatakuliahDAO.java
D:\project Skripsi\Tugas\Maven\SistemPresensi\src\main\java\com\ivana\presensi\database\JdbcUtilities.java
D:\project Skripsi\Tugas\Maven\SistemPresensi\src\main\java\com\ivana\presensi\dao\UserDAO.java
D:\project Skripsi\Tugas\Maven\SistemPresensi\src\main\java\com\ivana\presensi\model\Presensi.java
D:\project Skripsi\Tugas\Maven\SistemPresensi\src\main\java\com\ivana\presensi\dao\PresensiDAO.java
D:\project Skripsi\Tugas\Maven\SistemPresensi\src\main\java\com\ivana\presensi\FormDaftarMahasiswaController.java
D:\project Skripsi\Tugas\Maven\SistemPresensi\src\main\java\com\ivana\presensi\FormDosenLaporanDetailController.java
D:\project Skripsi\Tugas\Maven\SistemPresensi\src\main\java\com\ivana\presensi\FormDosenPresensiController.java
D:\project Skripsi\Tugas\Maven\SistemPresensi\src\main\java\com\ivana\presensi\model\Pertemuan.java
D:\project Skripsi\Tugas\Maven\SistemPresensi\src\main\java\com\ivana\presensi\FormMatakuliahController.java
D:\project Skripsi\Tugas\Maven\SistemPresensi\src\main\java\com\ivana\presensi\KelasSession.java
D:\project Skripsi\Tugas\Maven\SistemPresensi\src\main\java\com\ivana\presensi\SwitchPane.java
D:\project Skripsi\Tugas\Maven\SistemPresensi\src\main\java\com\ivana\presensi\model\KelasKuota.java
D:\project Skripsi\Tugas\Maven\SistemPresensi\src\main\java\com\ivana\presensi\dao\KelasKuotaDAO.java
D:\project Skripsi\Tugas\Maven\SistemPresensi\src\main\java\com\ivana\presensi\DashDosenController.java
D:\project Skripsi\Tugas\Maven\SistemPresensi\src\main\java\com\ivana\presensi\SignUpController.java
D:\project Skripsi\Tugas\Maven\SistemPresensi\src\main\java\com\ivana\presensi\dao\LaporanDAO.java
D:\project Skripsi\Tugas\Maven\SistemPresensi\src\main\java\module-info.java
D:\project Skripsi\Tugas\Maven\SistemPresensi\src\main\java\com\ivana\presensi\model\User.java
D:\project Skripsi\Tugas\Maven\SistemPresensi\src\main\java\com\ivana\presensi\database\DBUtil.java
D:\project Skripsi\Tugas\Maven\SistemPresensi\src\main\java\com\ivana\presensi\PresensiSession.java
D:\project Skripsi\Tugas\Maven\SistemPresensi\src\main\java\com\ivana\presensi\FormKelasController.java
D:\project Skripsi\Tugas\Maven\SistemPresensi\src\main\java\com\ivana\presensi\FormDosenTatapMukaController.java
D:\project Skripsi\Tugas\Maven\SistemPresensi\src\main\java\com\ivana\presensi\FromKuotaController.java
D:\project Skripsi\Tugas\Maven\SistemPresensi\src\main\java\com\ivana\presensi\dao\MahasiswaDAO.java
D:\project Skripsi\Tugas\Maven\SistemPresensi\src\main\java\com\ivana\presensi\NewFXMain.java
D:\project Skripsi\Tugas\Maven\SistemPresensi\src\main\java\com\ivana\presensi\DashAdminController.java
D:\project Skripsi\Tugas\Maven\SistemPresensi\src\main\java\com\ivana\presensi\FormLaporanController.java
D:\project Skripsi\Tugas\Maven\SistemPresensi\src\main\java\com\ivana\presensi\FormDosenJadwalController.java
D:\project Skripsi\Tugas\Maven\SistemPresensi\src\main\java\com\ivana\presensi\FormDosenLaporanController.java
D:\project Skripsi\Tugas\Maven\SistemPresensi\src\main\java\com\ivana\presensi\dao\KelasDAO.java
D:\project Skripsi\Tugas\Maven\SistemPresensi\src\main\java\com\ivana\presensi\dao\PertemuanDAO.java
D:\project Skripsi\Tugas\Maven\SistemPresensi\src\main\java\com\ivana\presensi\FormMahasiswaController.java
D:\project Skripsi\Tugas\Maven\SistemPresensi\src\main\java\com\ivana\presensi\FormDosenInputPresensiController.java
